// Jest Snapshot v1, https://goo.gl/fbAQLP

exports[`render renders correctly 1`] = `
<Fragment>
  <StyledLogoWords
    landscape={true}
  />
  <Styled(t)
    className="tilt-elem my-tilt"
    landscape={true}
    options={
      Object {
        "max": 80,
        "mobile": false,
        "perspective": 500,
        "position-base": "window",
        "reset": true,
        "reverse": true,
      }
    }
  >
    <StyledLogoO
      className="Tilt-inner"
      landscape={true}
    />
  </Styled(t)>
</Fragment>
`;
