// Jest Snapshot v1, https://goo.gl/fbAQLP

exports[`render renders correctly 1`] = `
<Fragment>
  <StyledLogoWords
    landscape={true}
  />
  <StyledReactTilt
    className="tilt-elem my-tilt"
    landscape={true}
  >
    <StyledLogoO
      className="Tilt-inner"
      landscape={true}
    />
  </StyledReactTilt>
</Fragment>
`;
