// Jest Snapshot v1, https://goo.gl/fbAQLP

exports[`render renders correctly 1`] = `
<ErrorBoundary>
  <StyledGradient>
    <StyledMain
      landscape={true}
    >
      <StyledTextBlock>
        <Logo
          clientWidth={200}
          landscape={true}
        />
        <Component
          landscape={true}
        />
        <Component
          landscape={true}
        />
      </StyledTextBlock>
      <StyledImageGameOfThrones
        landscape={true}
      />
    </StyledMain>
  </StyledGradient>
</ErrorBoundary>
`;
